[dekko.qodeinteractive.com/coming-soon/index.html]
[backblue.gif]
[fade.gif]
[index.html]
[dekko.qodeinteractive.com/wp-includes/css/dist/block-library/style.mind42d.css]
[dekko.qodeinteractive.com/wp-content/plugins/woocommerce/packages/woocommerce-blocks/build/wc-blocks-vendors-style2ff6.css]
[dekko.qodeinteractive.com/wp-content/plugins/woocommerce/packages/woocommerce-blocks/build/wc-blocks-style2ff6.css]
[dekko.qodeinteractive.com/wp-content/plugins/anti-spam/assets/css/admin-barba31.css]
[dekko.qodeinteractive.com/wp-content/plugins/contact-form-7/includes/css/styles77e1.css]
[export.qodethemes.com/_toolbar/assets/css/rbt-modulesd42d.css]
[dekko.qodeinteractive.com/wp-content/themes/dekko/styled42d.css]
[dekko.qodeinteractive.com/wp-content/themes/dekko/assets/css/plugins.mind42d.css]
[dekko.qodeinteractive.com/wp-content/themes/dekko/assets/css/modules.mind42d.css]
[dekko.qodeinteractive.com/wp-content/themes/dekko/assets/css/font-awesome/css/font-awesome.mind42d.css]
[dekko.qodeinteractive.com/wp-content/themes/dekko/assets/css/elegant-icons/style.mind42d.css]
[dekko.qodeinteractive.com/wp-content/themes/dekko/assets/css/ion-icons/css/ionicons.mind42d.css]
[dekko.qodeinteractive.com/wp-content/themes/dekko/assets/css/linea-icons/styled42d.css]
[dekko.qodeinteractive.com/wp-content/themes/dekko/assets/css/linear-icons/styled42d.css]
[dekko.qodeinteractive.com/wp-content/themes/dekko/assets/css/woocommerce.mind42d.css]
[dekko.qodeinteractive.com/wp-content/themes/dekko/assets/css/woocommerce-responsive.mind42d.css]
[dekko.qodeinteractive.com/wp-content/themes/dekko/assets/css/modules-responsive.mind42d.css]
[dekko.qodeinteractive.com/wp-content/themes/dekko/assets/css/blog-responsive.mind42d.css]
[dekko.qodeinteractive.com/wp-content/themes/dekko/assets/css/style_dynamic_responsive3e0a.css]
[dekko.qodeinteractive.com/wp-content/themes/dekko/assets/css/style_dynamic3e0a.css]
[dekko.qodeinteractive.com/wp-content/plugins/js_composer/assets/css/js_composer.minf7be.css]
[dekko.qodeinteractive.com/wp-includes/js/jquery/jquery.minaf6c.js]
[dekko.qodeinteractive.com/wp-includes/js/jquery/jquery-migrate.mind617.js]
[dekko.qodeinteractive.com/wp-content/plugins/revslider/public/assets/js/rbtools.min0660.js]
[dekko.qodeinteractive.com/wp-content/plugins/revslider/public/assets/js/rs6.min0660.js]
[dekko.qodeinteractive.com/wp-content/plugins/woocommerce/assets/js/jquery-blockui/jquery.blockUI.mindc32.js]
[dekko.qodeinteractive.com/wp-content/plugins/woocommerce/assets/js/frontend/add-to-cart.min823d.js]
[dekko.qodeinteractive.com/wp-content/plugins/js_composer/assets/js/vendors/woocommerce-add-to-cartf7be.js]
[dekko.qodeinteractive.com/wp-content/uploads/2017/07/cropped-favicon-32x32.png]
[dekko.qodeinteractive.com/wp-content/uploads/2017/07/cropped-favicon-192x192.png]
[dekko.qodeinteractive.com/wp-content/uploads/2017/07/cropped-favicon-180x180.png]
[dekko.qodeinteractive.com/wp-content/uploads/2017/07/logo-footer.png]
[dekko.qodeinteractive.com/wp-content/uploads/2017/07/logo-header-default.png]
[dekko.qodeinteractive.com/wp-content/uploads/2017/07/logo-header-light.png]
[dekko.qodeinteractive.com/wp-content/uploads/2017/06/coming-soon-background-img.jpg]
[dekko.qodeinteractive.com/wp-content/uploads/2017/07/footer-map-img.png]
[dekko.qodeinteractive.com/cdn-cgi/scripts/5c5dd728/cloudflare-static/email-decode.min.js]
[dekko.qodeinteractive.com/wp-content/plugins/revslider/public/assets/css/rs60660.css]
[dekko.qodeinteractive.com/wp-content/plugins/contact-form-7/includes/swv/js/index77e1.js]
[dekko.qodeinteractive.com/wp-content/plugins/contact-form-7/includes/js/index77e1.js]
[export.qodethemes.com/_toolbar/assets/js/rbt-modulesd42d.js]
[dekko.qodeinteractive.com/wp-content/plugins/woocommerce/assets/js/js-cookie/js.cookie.minc599.js]
[dekko.qodeinteractive.com/wp-content/plugins/woocommerce/assets/js/frontend/woocommerce.min823d.js]
[dekko.qodeinteractive.com/wp-content/plugins/woocommerce/assets/js/frontend/cart-fragments.min823d.js]
[dekko.qodeinteractive.com/wp-content/plugins/duracelltomi-google-tag-manager/js/gtm4wp-form-move-tracker34dd.js]
[dekko.qodeinteractive.com/wp-includes/js/jquery/ui/core.min0028.js]
[dekko.qodeinteractive.com/wp-includes/js/jquery/ui/tabs.min0028.js]
[dekko.qodeinteractive.com/wp-includes/js/jquery/ui/accordion.min0028.js]
[dekko.qodeinteractive.com/wp-includes/js/mediaelement/mediaelement-and-player.min08e1.js]
[dekko.qodeinteractive.com/wp-includes/js/mediaelement/mediaelement-migrate.mind42d.js]
[dekko.qodeinteractive.com/wp-includes/js/mediaelement/wp-mediaelement.mind42d.js]
[dekko.qodeinteractive.com/wp-content/themes/dekko/assets/js/modules/plugins/Chart.mind42d.js]
[dekko.qodeinteractive.com/wp-content/themes/dekko/assets/js/modules/plugins/ScrollToPlugin.mind42d.js]
[dekko.qodeinteractive.com/wp-content/themes/dekko/assets/js/modules/plugins/TweenLite.mind42d.js]
[dekko.qodeinteractive.com/wp-content/themes/dekko/assets/js/modules/plugins/bootstrapCarouseld42d.js]
[dekko.qodeinteractive.com/wp-content/themes/dekko/assets/js/modules/plugins/counterd42d.js]
[dekko.qodeinteractive.com/wp-content/themes/dekko/assets/js/modules/plugins/easypiechartd42d.js]
[dekko.qodeinteractive.com/wp-content/themes/dekko/assets/js/modules/plugins/fluidvids.mind42d.js]
[dekko.qodeinteractive.com/wp-content/themes/dekko/assets/js/modules/plugins/jquery.appeard42d.js]
[dekko.qodeinteractive.com/wp-content/themes/dekko/assets/js/modules/plugins/jquery.easing.1.3d42d.js]
[dekko.qodeinteractive.com/wp-content/themes/dekko/assets/js/modules/plugins/jquery.hoverIntent.mind42d.js]
[dekko.qodeinteractive.com/wp-content/themes/dekko/assets/js/modules/plugins/jquery.mixitup.mind42d.js]
[dekko.qodeinteractive.com/wp-content/themes/dekko/assets/js/modules/plugins/jquery.multiscroll.mind42d.js]
[dekko.qodeinteractive.com/wp-content/themes/dekko/assets/js/modules/plugins/jquery.nicescroll.mind42d.js]
[dekko.qodeinteractive.com/wp-content/themes/dekko/assets/js/modules/plugins/jquery.plugind42d.js]
[dekko.qodeinteractive.com/wp-content/themes/dekko/assets/js/modules/plugins/jquery.prettyPhotod42d.js]
[dekko.qodeinteractive.com/wp-content/themes/dekko/assets/js/modules/plugins/jquery.touchSwipe.mind42d.js]
[dekko.qodeinteractive.com/wp-content/themes/dekko/assets/js/modules/plugins/jquery.waitforimagesd42d.js]
[dekko.qodeinteractive.com/wp-content/themes/dekko/assets/js/modules/plugins/jquery.waypoints.mind42d.js]
[dekko.qodeinteractive.com/wp-content/themes/dekko/assets/js/modules/plugins/jquery.zcountdown.mind42d.js]
[dekko.qodeinteractive.com/wp-content/themes/dekko/assets/js/modules/plugins/modernizr.custom.85257d42d.js]
[dekko.qodeinteractive.com/wp-content/themes/dekko/assets/js/modules/plugins/parallax.mind42d.js]
[dekko.qodeinteractive.com/wp-content/themes/dekko/assets/js/modules/plugins/select2.mind42d.js]
[dekko.qodeinteractive.com/wp-content/themes/dekko/assets/js/modules/plugins/skrollrd42d.js]
[dekko.qodeinteractive.com/wp-content/themes/dekko/assets/js/modules/plugins/slick.mind42d.js]
[dekko.qodeinteractive.com/wp-content/themes/dekko/assets/js/modules/plugins/swiper.mind42d.js]
[dekko.qodeinteractive.com/wp-content/themes/dekko/assets/js/modules/plugins/typedd42d.js]
[dekko.qodeinteractive.com/wp-content/plugins/js_composer/assets/lib/bower/isotope/dist/isotope.pkgd.minf7be.js]
[dekko.qodeinteractive.com/wp-content/themes/dekko/assets/js/modules.mind42d.js]
[dekko.qodeinteractive.com/wp-content/plugins/js_composer/assets/js/dist/js_composer_front.minf7be.js]
[dekko.qodeinteractive.com/coming-soon/index.html]
[dekko.qodeinteractive.com/wp-includes/css/dist/block-library/style.mind42d.css]
[dekko.qodeinteractive.com/wp-content/plugins/woocommerce/packages/woocommerce-blocks/build/wc-blocks-vendors-style2ff6.css]
[dekko.qodeinteractive.com/wp-content/plugins/woocommerce/packages/woocommerce-blocks/build/wc-blocks-style2ff6.css]
[dekko.qodeinteractive.com/wp-content/themes/dekko/assets/js/like.min5152.js]
[dekko.qodeinteractive.com/wp-content/plugins/anti-spam/assets/img/titan-icon.png]
[dekko.qodeinteractive.com/wp-content/plugins/anti-spam/assets/css/admin-barba31.css]
[dekko.qodeinteractive.com/wp-content/plugins/contact-form-7/includes/css/styles77e1.css]
[export.qodethemes.com/_toolbar/assets/css/rbt-modulesd42d.css]
[dekko.qodeinteractive.com/wp-content/themes/dekko/styled42d.css]
[dekko.qodeinteractive.com/wp-content/themes/dekko/assets/css/img/prettyPhoto/sprite.png]
[dekko.qodeinteractive.com/wp-content/themes/dekko/assets/css/img/prettyPhoto/default_thumb.png]
[dekko.qodeinteractive.com/wp-content/themes/dekko/assets/css/img/prettyPhoto/sprite_x.png]
[dekko.qodeinteractive.com/wp-content/themes/dekko/assets/css/img/prettyPhoto/loader.gif]
[dekko.qodeinteractive.com/wp-content/themes/dekko/assets/images/prettyPhoto/facebook/default_thumbnail.gif]
[dekko.qodeinteractive.com/wp-content/themes/dekko/assets/css/plugins.mind42d.css]
[dekko.qodeinteractive.com/wp-content/themes/dekko/assets/css/img/pixel-video.png]
[dekko.qodeinteractive.com/wp-content/themes/dekko/assets/css/img/404.png]
[dekko.qodeinteractive.com/wp-content/themes/dekko/assets/css/modules.mind42d.css]
[dekko.qodeinteractive.com/wp-content/themes/dekko/assets/css/font-awesome/css/font-awesome.mind42d.css]
[dekko.qodeinteractive.com/wp-content/themes/dekko/assets/css/img/desaturate.svg]
[dekko.qodeinteractive.com/wp-content/themes/dekko/assets/css/elegant-icons/fonts/ElegantIcons.eot]
[dekko.qodeinteractive.com/wp-content/themes/dekko/assets/css/elegant-icons/fonts/ElegantIconsd41d.eot]
[dekko.qodeinteractive.com/wp-content/themes/dekko/assets/css/elegant-icons/fonts/ElegantIcons.woff]
[dekko.qodeinteractive.com/wp-content/themes/dekko/assets/css/elegant-icons/fonts/ElegantIcons.ttf]
[dekko.qodeinteractive.com/wp-content/themes/dekko/assets/css/elegant-icons/style.mind42d.css]
[dekko.qodeinteractive.com/wp-content/themes/dekko/assets/css/ion-icons/css/ionicons.mind42d.css]
[dekko.qodeinteractive.com/wp-content/themes/dekko/assets/css/elegant-icons/fonts/ElegantIcons.svg]
[dekko.qodeinteractive.com/wp-content/themes/dekko/assets/css/linea-icons/arrows/fonts/linea-arrows-10.eot]
[dekko.qodeinteractive.com/wp-content/themes/dekko/assets/css/linea-icons/arrows/fonts/linea-arrows-10d41d.eot]
[dekko.qodeinteractive.com/wp-content/themes/dekko/assets/css/linea-icons/arrows/fonts/linea-arrows-10.woff]
[dekko.qodeinteractive.com/wp-content/themes/dekko/assets/css/linea-icons/arrows/fonts/linea-arrows-10.ttf]
[dekko.qodeinteractive.com/wp-content/themes/dekko/assets/css/linea-icons/arrows/fonts/linea-arrows-10.svg]
[dekko.qodeinteractive.com/wp-content/themes/dekko/assets/css/linea-icons/basic/fonts/linea-basic-10.eot]
[dekko.qodeinteractive.com/wp-content/themes/dekko/assets/css/linea-icons/basic/fonts/linea-basic-10d41d.eot]
[dekko.qodeinteractive.com/wp-content/themes/dekko/assets/css/linea-icons/basic/fonts/linea-basic-10.woff]
[dekko.qodeinteractive.com/wp-content/themes/dekko/assets/css/linea-icons/basic/fonts/linea-basic-10.ttf]
[dekko.qodeinteractive.com/wp-content/themes/dekko/assets/css/linea-icons/basic/fonts/linea-basic-10.svg]
[dekko.qodeinteractive.com/wp-content/themes/dekko/assets/css/linea-icons/basic-elaboration/fonts/linea-basic-elaboration-10.eot]
[dekko.qodeinteractive.com/wp-content/themes/dekko/assets/css/linea-icons/basic-elaboration/fonts/linea-basic-elaboration-10d41d.eot]
[dekko.qodeinteractive.com/wp-content/themes/dekko/assets/css/linea-icons/basic-elaboration/fonts/linea-basic-elaboration-10.woff]
[dekko.qodeinteractive.com/wp-content/themes/dekko/assets/css/linea-icons/basic-elaboration/fonts/linea-basic-elaboration-10.ttf]
[dekko.qodeinteractive.com/wp-content/themes/dekko/assets/css/linea-icons/basic-elaboration/fonts/linea-basic-elaboration-10.svg]
[dekko.qodeinteractive.com/wp-content/themes/dekko/assets/css/linea-icons/ecommerce/fonts/linea-ecommerce-10.eot]
[dekko.qodeinteractive.com/wp-content/themes/dekko/assets/css/linea-icons/ecommerce/fonts/linea-ecommerce-10d41d.eot]
[dekko.qodeinteractive.com/wp-content/themes/dekko/assets/css/linea-icons/ecommerce/fonts/linea-ecommerce-10.woff]
[dekko.qodeinteractive.com/wp-content/themes/dekko/assets/css/linea-icons/ecommerce/fonts/linea-ecommerce-10.ttf]
[dekko.qodeinteractive.com/wp-content/themes/dekko/assets/css/linea-icons/ecommerce/fonts/linea-ecommerce-10.svg]
[dekko.qodeinteractive.com/wp-content/themes/dekko/assets/css/linea-icons/music/fonts/linea-music-10.eot]
[dekko.qodeinteractive.com/wp-content/themes/dekko/assets/css/linea-icons/music/fonts/linea-music-10d41d.eot]
[dekko.qodeinteractive.com/wp-content/themes/dekko/assets/css/linea-icons/music/fonts/linea-music-10.woff]
[dekko.qodeinteractive.com/wp-content/themes/dekko/assets/css/linea-icons/music/fonts/linea-music-10.ttf]
[dekko.qodeinteractive.com/wp-content/themes/dekko/assets/css/linea-icons/music/fonts/linea-music-10.svg]
[dekko.qodeinteractive.com/wp-content/themes/dekko/assets/css/linea-icons/software/fonts/linea-software-10.eot]
[dekko.qodeinteractive.com/wp-content/themes/dekko/assets/css/linea-icons/software/fonts/linea-software-10d41d.eot]
[dekko.qodeinteractive.com/wp-content/themes/dekko/assets/css/linea-icons/software/fonts/linea-software-10.woff]
[dekko.qodeinteractive.com/wp-content/themes/dekko/assets/css/linea-icons/software/fonts/linea-software-10.ttf]
[dekko.qodeinteractive.com/wp-content/themes/dekko/assets/css/linea-icons/software/fonts/linea-software-10.svg]
[dekko.qodeinteractive.com/wp-content/themes/dekko/assets/css/linea-icons/weather/fonts/linea-weather-10.eot]
[dekko.qodeinteractive.com/wp-content/themes/dekko/assets/css/linea-icons/weather/fonts/linea-weather-10d41d.eot]
[dekko.qodeinteractive.com/wp-content/themes/dekko/assets/css/linea-icons/weather/fonts/linea-weather-10.woff]
[dekko.qodeinteractive.com/wp-content/themes/dekko/assets/css/linea-icons/weather/fonts/linea-weather-10.ttf]
[dekko.qodeinteractive.com/wp-content/themes/dekko/assets/css/linea-icons/styled42d.css]
[dekko.qodeinteractive.com/wp-content/themes/dekko/assets/css/linea-icons/weather/fonts/linea-weather-10.svg]
[dekko.qodeinteractive.com/wp-content/themes/dekko/assets/css/linear-icons/fonts/Linearicons-Free54e9.eot]
[dekko.qodeinteractive.com/wp-content/themes/dekko/assets/css/linear-icons/fonts/Linearicons-Freed41d.eot]
[dekko.qodeinteractive.com/wp-content/themes/dekko/assets/css/linear-icons/fonts/Linearicons-Free54e9.woff2]
[dekko.qodeinteractive.com/wp-content/themes/dekko/assets/css/linear-icons/fonts/Linearicons-Free54e9.woff]
[dekko.qodeinteractive.com/wp-content/themes/dekko/assets/css/linear-icons/fonts/Linearicons-Free54e9.ttf]
[dekko.qodeinteractive.com/wp-content/themes/dekko/assets/css/linear-icons/styled42d.css]
[dekko.qodeinteractive.com/wp-content/themes/dekko/assets/css/linear-icons/fonts/Linearicons-Free54e9.svg]
[dekko.qodeinteractive.com/wp-content/themes/dekko/assets/css/select2-spinner.gif]
[dekko.qodeinteractive.com/wp-content/themes/dekko/assets/css/select2x2.png]
[dekko.qodeinteractive.com/wp-content/themes/dekko/assets/css/img/star.png]
[dekko.qodeinteractive.com/wp-content/themes/dekko/assets/css/woocommerce.mind42d.css]
[dekko.qodeinteractive.com/wp-content/themes/dekko/assets/css/woocommerce-responsive.mind42d.css]
[dekko.qodeinteractive.com/wp-content/themes/dekko/assets/css/modules-responsive.mind42d.css]
[dekko.qodeinteractive.com/wp-content/themes/dekko/assets/css/blog-responsive.mind42d.css]
[dekko.qodeinteractive.com/wp-content/themes/dekko/assets/css/style_dynamic_responsive3e0a.css]
[dekko.qodeinteractive.com/wp-content/themes/dekko/assets/css/style_dynamic3e0a.css]
[dekko.qodeinteractive.com/wp-content/plugins/js_composer/assets/vc/alert.png]
[dekko.qodeinteractive.com/wp-content/plugins/js_composer/assets/vc/info.png]
[dekko.qodeinteractive.com/wp-content/plugins/js_composer/assets/vc/tick.png]
[dekko.qodeinteractive.com/wp-content/plugins/js_composer/assets/vc/exclamation.png]
[dekko.qodeinteractive.com/wp-content/plugins/js_composer/assets/images/icons/address-book.png]
[dekko.qodeinteractive.com/wp-content/plugins/js_composer/assets/images/icons/alarm-clock.png]
[dekko.qodeinteractive.com/wp-content/plugins/js_composer/assets/images/icons/anchor.png]
[dekko.qodeinteractive.com/wp-content/plugins/js_composer/assets/images/icons/application-image.png]
[dekko.qodeinteractive.com/wp-content/plugins/js_composer/assets/images/icons/arrow.png]
[dekko.qodeinteractive.com/wp-content/plugins/js_composer/assets/images/icons/asterisk.png]
[dekko.qodeinteractive.com/wp-content/plugins/js_composer/assets/images/icons/auction-hammer.png]
[dekko.qodeinteractive.com/wp-content/plugins/js_composer/assets/images/icons/balloon.png]
[dekko.qodeinteractive.com/wp-content/plugins/js_composer/assets/images/icons/balloon-buzz.png]
[dekko.qodeinteractive.com/wp-content/plugins/js_composer/assets/images/icons/balloon-facebook.png]
[dekko.qodeinteractive.com/wp-content/plugins/js_composer/assets/images/icons/balloon-twitter.png]
[dekko.qodeinteractive.com/wp-content/plugins/js_composer/assets/images/icons/battery-full.png]
[dekko.qodeinteractive.com/wp-content/plugins/js_composer/assets/images/icons/binocular.png]
[dekko.qodeinteractive.com/wp-content/plugins/js_composer/assets/images/icons/blue-document-excel.png]
[dekko.qodeinteractive.com/wp-content/plugins/js_composer/assets/images/icons/blue-document-image.png]
[dekko.qodeinteractive.com/wp-content/plugins/js_composer/assets/images/icons/blue-document-music.png]
[dekko.qodeinteractive.com/wp-content/plugins/js_composer/assets/images/icons/blue-document-office.png]
[dekko.qodeinteractive.com/wp-content/plugins/js_composer/assets/images/icons/blue-document-pdf.png]
[dekko.qodeinteractive.com/wp-content/plugins/js_composer/assets/images/icons/blue-document-powerpoint.png]
[dekko.qodeinteractive.com/wp-content/plugins/js_composer/assets/images/icons/blue-document-word.png]
[dekko.qodeinteractive.com/wp-content/plugins/js_composer/assets/images/icons/bookmark.png]
[dekko.qodeinteractive.com/wp-content/plugins/js_composer/assets/images/icons/camcorder.png]
[dekko.qodeinteractive.com/wp-content/plugins/js_composer/assets/images/icons/camera.png]
[dekko.qodeinteractive.com/wp-content/plugins/js_composer/assets/images/icons/chart.png]
[dekko.qodeinteractive.com/wp-content/plugins/js_composer/assets/images/icons/chart-pie.png]
[dekko.qodeinteractive.com/wp-content/plugins/js_composer/assets/images/icons/clock.png]
[dekko.qodeinteractive.com/wp-content/plugins/js_composer/assets/images/icons/control.png]
[dekko.qodeinteractive.com/wp-content/plugins/js_composer/assets/images/icons/fire.png]
[dekko.qodeinteractive.com/wp-content/plugins/js_composer/assets/images/icons/heart.png]
[dekko.qodeinteractive.com/wp-content/plugins/js_composer/assets/images/icons/mail.png]
[dekko.qodeinteractive.com/wp-content/plugins/js_composer/assets/images/icons/plus-shield.png]
[dekko.qodeinteractive.com/wp-content/plugins/js_composer/assets/images/icons/video.png]
[dekko.qodeinteractive.com/wp-content/plugins/js_composer/assets/images/toggle_open.png]
[dekko.qodeinteractive.com/wp-content/plugins/js_composer/assets/images/toggle_close.png]
[dekko.qodeinteractive.com/wp-content/plugins/js_composer/assets/images/flickr.png]
[dekko.qodeinteractive.com/wp-content/plugins/js_composer/assets/images/spinner.gif]
[dekko.qodeinteractive.com/wp-content/plugins/js_composer/assets/vc/remove.png]
[dekko.qodeinteractive.com/wp-content/plugins/js_composer/assets/css/js_composer.minf7be.css]
[dekko.qodeinteractive.com/wp-content/plugins/revslider/public/assets/assets/gridtile.png]
[dekko.qodeinteractive.com/wp-content/plugins/revslider/public/assets/assets/gridtile_white.png]
[dekko.qodeinteractive.com/wp-content/plugins/revslider/public/assets/assets/gridtile_3x3.png]
[dekko.qodeinteractive.com/wp-content/plugins/revslider/public/assets/assets/gridtile_3x3_white.png]
[dekko.qodeinteractive.com/wp-content/plugins/revslider/public/assets/assets/coloredbg.png]
[dekko.qodeinteractive.com/wp-content/plugins/revslider/public/assets/assets/loader.gif]
[dekko.qodeinteractive.com/wp-content/plugins/revslider/public/assets/css/rs60660.css]
[dekko.qodeinteractive.com/wp-content/themes/dekko/assets/images/prettyPhoto/facebook/default_thumbnail.html]
[dekko.qodeinteractive.com/wp-content/themes/dekko/assets/css/img/desaturate.svg]
[dekko.qodeinteractive.com/wp-content/themes/dekko/assets/css/elegant-icons/fonts/ElegantIcons.svg]
[dekko.qodeinteractive.com/wp-content/themes/dekko/assets/css/linea-icons/arrows/fonts/linea-arrows-10.svg]
[dekko.qodeinteractive.com/wp-content/themes/dekko/assets/css/linea-icons/basic/fonts/linea-basic-10.svg]
[dekko.qodeinteractive.com/wp-content/themes/dekko/assets/css/linea-icons/basic-elaboration/fonts/linea-basic-elaboration-10.svg]
[dekko.qodeinteractive.com/wp-content/themes/dekko/assets/css/linea-icons/ecommerce/fonts/linea-ecommerce-10.svg]
[dekko.qodeinteractive.com/wp-content/themes/dekko/assets/css/linea-icons/music/fonts/linea-music-10.svg]
[dekko.qodeinteractive.com/wp-content/themes/dekko/assets/css/linea-icons/software/fonts/linea-software-10.svg]
[dekko.qodeinteractive.com/wp-content/themes/dekko/assets/css/linea-icons/weather/fonts/linea-weather-10.svg]
[dekko.qodeinteractive.com/wp-content/themes/dekko/assets/css/linear-icons/fonts/Linearicons-Free54e9.svg]
[dekko.qodeinteractive.com/wp-content/themes/dekko/assets/css/select2-spinner.html]
[dekko.qodeinteractive.com/wp-content/themes/dekko/assets/css/select2x2.html]
[dekko.qodeinteractive.com/wp-content/plugins/revslider/public/assets/css/openhand.html]
[dekko.qodeinteractive.com/wp-content/plugins/revslider/public/assets/css/closedhand.html]
[kenzo.localdev/wp-content/uploads/2017/07/title-area-pattern.png]
